/var/tmp/demo.asm
=================
                      1     {{ device("AT Tiny 24"); }}
                      2 back:
000000 00 00          3     NOP
000001 00 00          4     NOP
000002 00 00          5     NOP
000003 E5 F7          6     BRBC 5, back
000004 4C F5          7     BRBC 4, forward
000005 D3 F3          8     BRBS 3, back
000006 3A F1          9     BRBS 2, forward
000007 C0 F7         10     BRCC back
000008 28 F5         11     BRCC forward
000009 B0 F3         12     BRCS back
00000A 18 F1         13     BRCS forward
00000B A1 F3         14     BREQ back
00000C 09 F1         15     BREQ forward
00000D 94 F7         16     BRGE back
00000E FC F4         17     BRGE forward
00000F 85 F7         18     BRHC back
000010 ED F4         19     BRHC forward
000011 75 F3         20     BRHS back
000012 DD F0         21     BRHS forward
000013 67 F7         22     BRID back
000014 CF F4         23     BRID forward
000015 57 F3         24     BRIE back
000016 BF F0         25     BRIE forward
000017 40 F3         26     BRLO back
000018 A8 F0         27     BRLO forward
000019 34 F3         28     BRLT back
00001A 9C F0         29     BRLT forward
00001B 22 F3         30     BRMI back
00001C 8A F0         31     BRMI forward
00001D 11 F7         32     BRNE back
00001E 79 F4         33     BRNE forward
00001F 02 F7         34     BRPL back
000020 6A F4         35     BRPL forward
000021 F0 F6         36     BRSH back
000022 58 F4         37     BRSH forward
000023 E6 F6         38     BRTC back
000024 4E F4         39     BRTC forward
000025 D6 F2         40     BRTS back
000026 3E F0         41     BRTS forward
000027 C3 F6         42     BRVC back
000028 2B F4         43     BRVC forward
000029 B3 F2         44     BRVS back
00002A 1B F0         45     BRVS forward
00002B 00 00         46     NOP
00002C 00 00         47     NOP
00002D 00 00         48     NOP
                     49 forward:
00002E 00 00         50     NOP
                     51

Symbol Table
============

back    | 0  | 0  | /var/tmp/demo.asm:2  | 20
forward | 46 | 2E | /var/tmp/demo.asm:49 | 0