/var/tmp/demo.asm
=================
                      1     {{ device("Fake Device"); }}
000000 E8 95          2     SPM X
                        value_type
                        location.operand: 1
                        expected: undefined, Z+
                        actual: string: (X)
000001 C6 90          3     ELPM R12, 10
                        value_type
                        location.operand: 2
                        expected: Z, Z+
                        actual: string: (10)
000002 94 91          4     LPM R25, Y
                        value_type
                        location.operand: 2
                        expected: Z, Z+
                        actual: string: (Y)
000003 A4 91          5     LPM R26, -Y
                        value_type
                        location.operand: 2
                        expected: Z, Z+
                        actual: string: (-Y)
                      6

Symbol Table
============

R12 |   |   | REGISTER | 1
R25 |   |   | REGISTER | 1
R26 |   |   | REGISTER | 1